MPU9250.h:149:5:MPU_begin	8	static
MPU9250.h:255:5:whoAmI	8	static
MPU9250.h:265:5:whoAmIAK8963	8	static
MPU9250.h:276:5:writeRegister	24	static
MPU9250.h:296:5:readRegisters	24	static
MPU9250.h:307:9:SPIx_WriteRead	32	static
MPU9250.h:320:6:MPU_SPI_Read	16	static
MPU9250.h:334:6:MPU_SPI_Write	16	static
MPU9250.h:349:5:writeAK8963Register	16	static
MPU9250.h:378:5:readAK8963Registers	16	static
MPU9250.h:399:5:setAccelRange	16	static
MPU9250.h:407:5:setGyroRange	16	static
MPU9250.h:416:5:setDlpfBandwidth	16	static
MPU9250.h:427:5:setSrd	16	static
MPU9250.h:469:5:enableDataReadyInterrupt	8	static
MPU9250.h:481:5:disableDataReadyInterrupt	8	static
MPU9250.h:490:5:readSensor	8	static
MPU9250.h:509:5:readSensor3	24	static
main.c:100:5:main	16	static
main.c:174:6:SystemClock_Config	88	static
main.c:217:13:MX_NVIC_Init	8	static
main.c:232:13:MX_SPI1_Init	8	static
main.c:270:13:MX_USART2_UART_Init	8	static
main.c:301:13:MX_DMA_Init	16	static
main.c:322:13:MX_GPIO_Init	40	static
main.c:360:6:PhysVectorsToAccel	4	static
main.c:366:6:AccelToAngel	24	static
main.c:372:6:HAL_GPIO_EXTI_Callback	16	static
main.c:381:6:UARTPrintError	8	static
main.c:387:6:UARTPrint	40	static
main.c:435:6:GetAccel	8	static
main.c:441:6:GetAngel	8	static
main.c:448:6:SetInterval	16	static
main.c:459:6:ParseCommand	72	static
main.c:566:6:USER_UART_IRQHandler	24	static
main.c:575:6:USER_UART_IDLECallback	16	static
main.c:583:6:ClearBuff	24	static
main.c:594:6:Error_Handler	4	static
