example.c:137:5:MPU_begin	8	static
example.c:243:5:whoAmI	8	static
example.c:253:5:whoAmIAK8963	8	static
example.c:264:5:writeRegister	24	static
example.c:284:5:readRegisters	24	static
example.c:295:9:SPIx_WriteRead	32	static
example.c:308:6:MPU_SPI_Read	16	static
example.c:322:6:MPU_SPI_Write	16	static
example.c:337:5:writeAK8963Register	16	static
example.c:366:5:readAK8963Registers	16	static
example.c:387:5:setAccelRange	16	static
example.c:395:5:setGyroRange	16	static
example.c:404:5:setDlpfBandwidth	16	static
example.c:415:5:setSrd	16	static
example.c:457:5:enableDataReadyInterrupt	8	static
example.c:469:5:disableDataReadyInterrupt	8	static
example.c:478:5:readSensor	8	static
example.c:497:5:readSensor3	24	static
