main.c:133:5:main	16	static
main.c:234:6:SystemClock_Config	88	static
main.c:278:13:MX_SPI1_Init	8	static
main.c:316:13:MX_SPI2_Init	8	static
main.c:354:13:MX_SPI3_Init	8	static
main.c:391:13:MX_USART2_UART_Init	8	static
main.c:422:13:MX_DMA_Init	16	static
main.c:455:13:MX_GPIO_Init	48	static
main.c:498:6:PhysVectorsToAccel	4	static
main.c:504:6:AccelToAngel	24	static
main.c:510:6:HAL_GPIO_EXTI_Callback	16	static
main.c:519:6:SPISendError	16	static
main.c:531:6:SPISendData	96	static
main.c:752:6:GetAccel	8	static
main.c:758:6:GetAngel	8	static
main.c:765:6:SetInterval	16	static
main.c:776:9:ParseCommand	104	static
main.c:884:6:USER_UART_IRQHandler	24	static
main.c:893:6:HAL_SPI_TxCpltCallback	16	static
main.c:898:6:HAL_SPI_RxCpltCallback	16	static
main.c:908:6:USER_UART_IDLECallback	16	static
main.c:916:6:ClearBuff	24	static
main.c:927:6:Error_Handler	4	static
